// Jest Snapshot v1, https://goo.gl/fbAQLP

exports[`Map Component render Map Component without crashing 1`] = `
<div
  className="map"
  id="map"
/>
`;
